(
(
(S "chk._SVAC_16_ended_reg_0" (2))
(S "chk._SVAC_17_ended_reg_0" (4))
(S "first._SVAC_26_ended_reg_0" (6))
(S "main._SVAC_1_ended_reg_0" (8))
(S "chk._SVAC_19_ended_reg" (10))
(S "chk._SVAC_24_ended_reg" (12))
(S "chk._SVAC_25_ended_reg" (14))
(S "chk._SVAC_22_ended_reg" (16))
(S "chk._SVAC_23_ended_reg" (18))
(S "chk._SVAC_20_ended_reg" (20))
(S "chk._SVAC_21_ended_reg" (22))
(S "chk._SVAC_18_ended_reg" (24))
(S "chk._SVAC_16_ended_reg_1" (26))
(S "chk._SVAC_17_ended_reg_1" (28))
(S "chk._SVAC_15_ended_reg_0" (30))
(S "chk._SVAC_14_ended_reg_0" (32))
(S "chk._SVAC_6_ended_reg_0" (34))
(S "chk._SVAC_6_ended_reg_1" (36))
(S "chk._SVAC_7_ended_reg_0" (38))
(S "chk._SVAC_7_ended_reg_1" (40))
(S "chk._SVAC_3_ended_reg_0" (42))
(S "chk._SVAC_2_ended_reg_0" (44))
(S "chk._SVAC_10_ended_reg_0" (46))
(S "chk._SVAC_10_ended_reg_1" (48))
(S "chk._SVAC_11_ended_reg_0" (50))
(S "chk._SVAC_11_ended_reg_1" (52))
(S "chk._SVAC_4_ended_reg_0" (54))
(S "chk._SVAC_4_ended_reg_1" (56))
(S "chk._SVAC_5_ended_reg_0" (58))
(S "chk._SVAC_5_ended_reg_1" (60))
(S "chk._SVAC_13_ended_reg_0" (62))
(S "chk._SVAC_12_ended_reg_0" (64))
(S "chk._SVAC_9_ended_reg_0" (66))
(S "chk._SVAC_9_ended_reg_1" (68))
(S "chk._SVAC_8_ended_reg_0" (70))
(S "chk._SVAC_8_ended_reg_1" (72))
(S "_BM_CLKGEN_.CSR0_2" (74))
(I "waiting_first" (76))
(S "first.red" (78))
(S "first.state_out" (80 82 84 86 88))
(I "waiting_main" (90))
(S "main.green" (92))
(S "main.state_out" (94 96 98 100 102))
(S "chk._SVAC_8_states_0" (104 106))
(S "first.green" (108))
(S "first.yellow" (110))
(S "main.yellow" (112))
(S "main.red" (114))
(S "chk.prev_rose_12" (116))
(S "chk._SVAC_11_states_0" (118 120 122 124))
(S "chk.prev_rose_9" (126))
(S "chk._SVAC_10_states_0" (128 130 132 134))
(S "chk._SVAC_7_states_0" (136 138 140 142 144))
(S "chk._SVAC_6_states_0" (146 148 150 152 154))
(S "chk._SVAC_21_states" (156 158))
(S "chk.prev_fell_26" (160))
(S "chk._SVAC_20_states" (162))
(S "chk.prev_fell_20" (164))
(S "chk.prev_rose_23" (166))
(S "chk.prev_rose_17" (168))
(S "chk._SVAC_19_states" (170 172 174))
(S "chk._SVAC_17_states_0" (176))
(S "chk._SVAC_16_states_0" (178))
(I "main.I_5bx_@DONTCARE_70$X" (180 182 184 186 188))
(S "main.timer" (190 192 194 196))
(I "first.I_5bx_@DONTCARE_70$X" (198 200 202 204 206))
(S "first.timer" (208 210 212 214))
)
(
(P "traffic.chk.assert_green_no_waiting_first" "chk._SVAC_8_ended_reg_1" 0)
(P "traffic.chk.assert_green_no_waiting_first" "chk._SVAC_8_ended_reg_0" 1)
(P "traffic.chk.assert_green_no_waiting_main" "chk._SVAC_9_ended_reg_1" 2)
(P "traffic.chk.assert_green_no_waiting_main" "chk._SVAC_9_ended_reg_0" 3)
(P "traffic.chk.assert_gyr_oh_first" "chk._SVAC_12_ended_reg_0" 4)
(P "traffic.chk.assert_gyr_oh_main" "chk._SVAC_13_ended_reg_0" 5)
(P "traffic.chk.assert_hazard_in_first" "chk._SVAC_5_ended_reg_1" 6)
(P "traffic.chk.assert_hazard_in_first" "chk._SVAC_5_ended_reg_0" 7)
(P "traffic.chk.assert_hazard_in_main" "chk._SVAC_4_ended_reg_1" 8)
(P "traffic.chk.assert_hazard_in_main" "chk._SVAC_4_ended_reg_0" 9)
(P "traffic.chk.assert_honor_waiting_first" "chk._SVAC_11_ended_reg_1" 10)
(P "traffic.chk.assert_honor_waiting_first" "chk._SVAC_11_ended_reg_0" 11)
(P "traffic.chk.assert_honor_waiting_main" "chk._SVAC_10_ended_reg_1" 12)
(P "traffic.chk.assert_honor_waiting_main" "chk._SVAC_10_ended_reg_0" 13)
(P "traffic.chk.assert_no_both_green" "chk._SVAC_2_ended_reg_0" 14)
(P "traffic.chk.assert_no_both_yellow" "chk._SVAC_3_ended_reg_0" 15)
(P "traffic.chk.assert_signal_sequencing_on_first" "chk._SVAC_7_ended_reg_1" 16)
(P "traffic.chk.assert_signal_sequencing_on_first" "chk._SVAC_7_ended_reg_0" 17)
(P "traffic.chk.assert_signal_sequencing_on_main" "chk._SVAC_6_ended_reg_1" 18)
(P "traffic.chk.assert_signal_sequencing_on_main" "chk._SVAC_6_ended_reg_0" 19)
(P "traffic.chk.assert_state_oh_first" "chk._SVAC_14_ended_reg_0" 20)
(P "traffic.chk.assert_state_oh_main" "chk._SVAC_15_ended_reg_0" 21)
(P "traffic.chk.assume_continuous_waiting_first" "chk._SVAC_17_ended_reg_1" 22)
(P "traffic.chk.assume_continuous_waiting_main" "chk._SVAC_16_ended_reg_1" 23)
(P "traffic.chk.cov_both_red" "chk._SVAC_18_ended_reg" 24)
(P "traffic.chk.cov_green_first_for_one_cycle" "chk._SVAC_21_ended_reg" 25)
(P "traffic.chk.cov_green_main_for_one_cycle" "chk._SVAC_20_ended_reg" 26)
(P "traffic.chk.cov_green_with_waiting_on_first" "chk._SVAC_23_ended_reg" 27)
(P "traffic.chk.cov_green_with_waiting_on_main" "chk._SVAC_22_ended_reg" 28)
(P "traffic.chk.cov_green_without_waiting_on_first" "chk._SVAC_25_ended_reg" 29)
(P "traffic.chk.cov_green_without_waiting_on_main" "chk._SVAC_24_ended_reg" 30)
(P "traffic.chk.cov_waiting_on_both_streets_for_max_wait" "chk._SVAC_19_ended_reg" 31)
(P "traffic.main.oh_state_out" "main._SVAC_1_ended_reg_0" 32)
(P "traffic.first.oh_state_out" "first._SVAC_26_ended_reg_0" 33)
)
(
(I 76 0)
(I 90 1)
(I 180 2)
(I 182 3)
(I 184 4)
(I 186 5)
(I 188 6)
(I 198 7)
(I 200 8)
(I 202 9)
(I 204 10)
(I 206 11)
(S 2 0)
(S 4 1)
(S 6 2)
(S 8 3)
(S 10 4)
(S 12 5)
(S 14 6)
(S 16 7)
(S 18 8)
(S 20 9)
(S 22 10)
(S 24 11)
(S 26 12)
(S 28 13)
(S 30 14)
(S 32 15)
(S 34 16)
(S 36 17)
(S 38 18)
(S 40 19)
(S 42 20)
(S 44 21)
(S 46 22)
(S 48 23)
(S 50 24)
(S 52 25)
(S 54 26)
(S 56 27)
(S 58 28)
(S 60 29)
(S 62 30)
(S 64 31)
(S 66 32)
(S 68 33)
(S 70 34)
(S 72 35)
(S 74 36)
(S 78 37)
(S 80 38)
(S 82 39)
(S 84 40)
(S 86 41)
(S 88 42)
(S 92 43)
(S 94 44)
(S 96 45)
(S 98 46)
(S 100 47)
(S 102 48)
(S 104 49)
(S 106 50)
(S 108 51)
(S 110 52)
(S 112 53)
(S 114 54)
(ND 116 55)
(S 118 56)
(S 120 57)
(S 122 58)
(S 124 59)
(ND 126 60)
(S 128 61)
(S 130 62)
(S 132 63)
(S 134 64)
(S 136 65)
(S 138 66)
(S 140 67)
(S 142 68)
(S 144 69)
(S 146 70)
(S 148 71)
(S 150 72)
(S 152 73)
(S 154 74)
(S 156 75)
(S 158 76)
(S 160 77)
(S 162 78)
(S 164 79)
(S 166 80)
(S 168 81)
(S 170 82)
(S 172 83)
(S 174 84)
(S 176 85)
(S 178 86)
(S 190 87)
(S 192 88)
(S 194 89)
(S 196 90)
(S 208 91)
(S 210 92)
(S 212 93)
(S 214 94)
)
(
(PS_SIZE 95)
)
)
